[
  {
    "col": 1,
    "line": 1,
    "lineBreaks": 0,
    "offset": 0,
    "text": "Gear",
    "type": "GearKey",
    "value": "Gear"
  },
  {
    "col": 6,
    "line": 1,
    "lineBreaks": 0,
    "offset": 5,
    "text": "scale",
    "type": "Word",
    "value": "scale"
  },
  {
    "col": 12,
    "line": 1,
    "lineBreaks": 0,
    "offset": 11,
    "text": "mail",
    "type": "Word",
    "value": "mail"
  },
  {
    "col": 16,
    "line": 1,
    "lineBreaks": 0,
    "offset": 15,
    "text": ",",
    "type": "Comma",
    "value": ","
  },
  {
    "col": 18,
    "line": 1,
    "lineBreaks": 0,
    "offset": 17,
    "text": "longspear",
    "type": "Word",
    "value": "longspear"
  },
  {
    "col": 27,
    "line": 1,
    "lineBreaks": 0,
    "offset": 26,
    "text": ",",
    "type": "Comma",
    "value": ","
  },
  {
    "col": 29,
    "line": 1,
    "lineBreaks": 0,
    "offset": 28,
    "text": "light",
    "type": "Word",
    "value": "light"
  },
  {
    "col": 35,
    "line": 1,
    "lineBreaks": 0,
    "offset": 34,
    "text": "crossbow",
    "type": "Word",
    "value": "crossbow"
  },
  {
    "col": 43,
    "line": 1,
    "lineBreaks": 0,
    "offset": 42,
    "text": ",",
    "type": "Comma",
    "value": ","
  },
  {
    "col": 45,
    "line": 1,
    "lineBreaks": 0,
    "offset": 44,
    "text": "10",
    "type": "NumberWhole",
    "value": "10"
  },
  {
    "col": 48,
    "line": 1,
    "lineBreaks": 0,
    "offset": 47,
    "text": "bolts",
    "type": "Word",
    "value": "bolts"
  }
]
