[
  {
    "col": 1,
    "line": 1,
    "lineBreaks": 0,
    "offset": 0,
    "text": "Special Attacks",
    "type": "AttackType",
    "value": "Special Attacks"
  },
  {
    "col": 17,
    "line": 1,
    "lineBreaks": 0,
    "offset": 16,
    "text": "body",
    "type": "Word",
    "value": "body"
  },
  {
    "col": 22,
    "line": 1,
    "lineBreaks": 0,
    "offset": 21,
    "text": "thief",
    "type": "Word",
    "value": "thief"
  },
  {
    "col": 27,
    "line": 1,
    "lineBreaks": 0,
    "offset": 26,
    "text": ",",
    "type": "Comma",
    "value": ","
  },
  {
    "col": 29,
    "line": 1,
    "lineBreaks": 0,
    "offset": 28,
    "text": "sneak",
    "type": "Word",
    "value": "sneak"
  },
  {
    "col": 35,
    "line": 1,
    "lineBreaks": 0,
    "offset": 34,
    "text": "attack",
    "type": "Word",
    "value": "attack"
  },
  {
    "col": 42,
    "line": 1,
    "lineBreaks": 0,
    "offset": 41,
    "text": "+3d6",
    "type": "DiceRoll",
    "value": "+3d6"
  }
]
