[
  {
    "col": 1,
    "line": 1,
    "lineBreaks": 0,
    "offset": 0,
    "text": "DR",
    "type": "DrKey",
    "value": "DR"
  },
  {
    "col": 4,
    "line": 1,
    "lineBreaks": 0,
    "offset": 3,
    "text": "5",
    "type": "NumberWhole",
    "value": "5"
  },
  {
    "col": 5,
    "line": 1,
    "lineBreaks": 0,
    "offset": 4,
    "text": "/",
    "type": "ForwardSlash",
    "value": "/"
  },
  {
    "col": 6,
    "line": 1,
    "lineBreaks": 0,
    "offset": 5,
    "text": "magic",
    "type": "Word",
    "value": "magic"
  },
  {
    "col": 11,
    "line": 1,
    "lineBreaks": 0,
    "offset": 10,
    "text": ";",
    "type": "SemiColon",
    "value": ";"
  },
  {
    "col": 13,
    "line": 1,
    "lineBreaks": 0,
    "offset": 12,
    "text": "Immune",
    "type": "ImmuneKey",
    "value": "Immune"
  },
  {
    "col": 20,
    "line": 1,
    "lineBreaks": 0,
    "offset": 19,
    "text": "cold",
    "type": "Word",
    "value": "cold"
  },
  {
    "col": 24,
    "line": 1,
    "lineBreaks": 0,
    "offset": 23,
    "text": ",",
    "type": "Comma",
    "value": ","
  },
  {
    "col": 26,
    "line": 1,
    "lineBreaks": 0,
    "offset": 25,
    "text": "disease",
    "type": "Word",
    "value": "disease"
  },
  {
    "col": 33,
    "line": 1,
    "lineBreaks": 0,
    "offset": 32,
    "text": ",",
    "type": "Comma",
    "value": ","
  },
  {
    "col": 35,
    "line": 1,
    "lineBreaks": 0,
    "offset": 34,
    "text": "poison",
    "type": "Word",
    "value": "poison"
  }
]
