[
  {
    "col": 1,
    "line": 1,
    "lineBreaks": 0,
    "offset": 0,
    "text": "hp",
    "type": "HpKey",
    "value": "hp"
  },
  {
    "col": 4,
    "line": 1,
    "lineBreaks": 0,
    "offset": 3,
    "text": "8",
    "type": "NumberWhole",
    "value": "8"
  },
  {
    "col": 6,
    "line": 1,
    "lineBreaks": 0,
    "offset": 5,
    "text": "(",
    "type": "LParen",
    "value": "("
  },
  {
    "col": 7,
    "line": 1,
    "lineBreaks": 0,
    "offset": 6,
    "text": "1d10",
    "type": "DiceRoll",
    "value": "1d10"
  },
  {
    "col": 11,
    "line": 1,
    "lineBreaks": 0,
    "offset": 10,
    "text": "+2",
    "type": "NumberSigned",
    "value": "+2"
  },
  {
    "col": 14,
    "line": 1,
    "lineBreaks": 0,
    "offset": 13,
    "text": "plus",
    "type": "Word",
    "value": "plus"
  },
  {
    "col": 19,
    "line": 1,
    "lineBreaks": 0,
    "offset": 18,
    "text": "1",
    "type": "NumberWhole",
    "value": "1"
  },
  {
    "col": 20,
    "line": 1,
    "lineBreaks": 0,
    "offset": 19,
    "text": ")",
    "type": "RParen",
    "value": ")"
  }
]
