[
  {
    "col": 1,
    "line": 1,
    "lineBreaks": 0,
    "offset": 0,
    "text": "Melee",
    "type": "AttackType",
    "value": "Melee"
  },
  {
    "col": 7,
    "line": 1,
    "lineBreaks": 0,
    "offset": 6,
    "text": "4",
    "type": "NumberWhole",
    "value": "4"
  },
  {
    "col": 9,
    "line": 1,
    "lineBreaks": 0,
    "offset": 8,
    "text": "tentacles",
    "type": "Word",
    "value": "tentacles"
  },
  {
    "col": 19,
    "line": 1,
    "lineBreaks": 0,
    "offset": 18,
    "text": "+10",
    "type": "NumberSigned",
    "value": "+10"
  },
  {
    "col": 23,
    "line": 1,
    "lineBreaks": 0,
    "offset": 22,
    "text": "(",
    "type": "LParen",
    "value": "("
  },
  {
    "col": 24,
    "line": 1,
    "lineBreaks": 0,
    "offset": 23,
    "text": "1d6",
    "type": "DiceRoll",
    "value": "1d6"
  },
  {
    "col": 27,
    "line": 1,
    "lineBreaks": 0,
    "offset": 26,
    "text": "+5",
    "type": "NumberSigned",
    "value": "+5"
  },
  {
    "col": 30,
    "line": 1,
    "lineBreaks": 0,
    "offset": 29,
    "text": "plus",
    "type": "Word",
    "value": "plus"
  },
  {
    "col": 35,
    "line": 1,
    "lineBreaks": 0,
    "offset": 34,
    "text": "slime",
    "type": "Word",
    "value": "slime"
  },
  {
    "col": 40,
    "line": 1,
    "lineBreaks": 0,
    "offset": 39,
    "text": ")",
    "type": "RParen",
    "value": ")"
  }
]
