[
  {
    "col": 1,
    "line": 1,
    "lineBreaks": 0,
    "offset": 0,
    "text": "Aura",
    "type": "AuraKey",
    "value": "Aura"
  },
  {
    "col": 6,
    "line": 1,
    "lineBreaks": 0,
    "offset": 5,
    "text": "mucus",
    "type": "Word",
    "value": "mucus"
  },
  {
    "col": 12,
    "line": 1,
    "lineBreaks": 0,
    "offset": 11,
    "text": "cloud",
    "type": "Word",
    "value": "cloud"
  },
  {
    "col": 18,
    "line": 1,
    "lineBreaks": 0,
    "offset": 17,
    "text": "(",
    "type": "LParen",
    "value": "("
  },
  {
    "col": 19,
    "line": 1,
    "lineBreaks": 0,
    "offset": 18,
    "text": "5 feet",
    "type": "SizeValue",
    "value": "5 feet"
  },
  {
    "col": 25,
    "line": 1,
    "lineBreaks": 0,
    "offset": 24,
    "text": ")",
    "type": "RParen",
    "value": ")"
  }
]
