[
  {
    "col": 1,
    "line": 1,
    "lineBreaks": 0,
    "offset": 0,
    "text": "Fort",
    "type": "FortSaveKey",
    "value": "Fort"
  },
  {
    "col": 6,
    "line": 1,
    "lineBreaks": 0,
    "offset": 5,
    "text": "+7",
    "type": "NumberSigned",
    "value": "+7"
  },
  {
    "col": 8,
    "line": 1,
    "lineBreaks": 0,
    "offset": 7,
    "text": ",",
    "type": "Comma",
    "value": ","
  },
  {
    "col": 10,
    "line": 1,
    "lineBreaks": 0,
    "offset": 9,
    "text": "Ref",
    "type": "RefSaveKey",
    "value": "Ref"
  },
  {
    "col": 14,
    "line": 1,
    "lineBreaks": 0,
    "offset": 13,
    "text": "+7",
    "type": "NumberSigned",
    "value": "+7"
  },
  {
    "col": 16,
    "line": 1,
    "lineBreaks": 0,
    "offset": 15,
    "text": ",",
    "type": "Comma",
    "value": ","
  },
  {
    "col": 18,
    "line": 1,
    "lineBreaks": 0,
    "offset": 17,
    "text": "Will",
    "type": "WillSaveKey",
    "value": "Will"
  },
  {
    "col": 23,
    "line": 1,
    "lineBreaks": 0,
    "offset": 22,
    "text": "+6",
    "type": "NumberSigned",
    "value": "+6"
  },
  {
    "col": 25,
    "line": 1,
    "lineBreaks": 0,
    "offset": 24,
    "text": ";",
    "type": "SemiColon",
    "value": ";"
  },
  {
    "col": 27,
    "line": 1,
    "lineBreaks": 0,
    "offset": 26,
    "text": "+2",
    "type": "NumberSigned",
    "value": "+2"
  },
  {
    "col": 30,
    "line": 1,
    "lineBreaks": 0,
    "offset": 29,
    "text": "resistance",
    "type": "Word",
    "value": "resistance"
  },
  {
    "col": 41,
    "line": 1,
    "lineBreaks": 0,
    "offset": 40,
    "text": "vs.",
    "type": "Versus",
    "value": "vs."
  },
  {
    "col": 45,
    "line": 1,
    "lineBreaks": 0,
    "offset": 44,
    "text": "evil",
    "type": "Word",
    "value": "evil"
  }
]
