[
  {
    "col": 1,
    "line": 1,
    "lineBreaks": 0,
    "offset": 0,
    "text": "Aura",
    "type": "AuraKey",
    "value": "Aura"
  },
  {
    "col": 6,
    "line": 1,
    "lineBreaks": 0,
    "offset": 5,
    "text": "magic",
    "type": "Word",
    "value": "magic"
  },
  {
    "col": 12,
    "line": 1,
    "lineBreaks": 0,
    "offset": 11,
    "text": "circle",
    "type": "Word",
    "value": "circle"
  },
  {
    "col": 19,
    "line": 1,
    "lineBreaks": 0,
    "offset": 18,
    "text": "against",
    "type": "Word",
    "value": "against"
  },
  {
    "col": 27,
    "line": 1,
    "lineBreaks": 0,
    "offset": 26,
    "text": "evil",
    "type": "Word",
    "value": "evil"
  }
]
