[
  {
    "col": 1,
    "line": 1,
    "lineBreaks": 0,
    "offset": 0,
    "text": "Speed",
    "type": "SpeedKey",
    "value": "Speed"
  },
  {
    "col": 7,
    "line": 1,
    "lineBreaks": 0,
    "offset": 6,
    "text": "5 ft.",
    "type": "SizeValue",
    "value": "5 ft."
  },
  {
    "col": 12,
    "line": 1,
    "lineBreaks": 0,
    "offset": 11,
    "text": ",",
    "type": "Comma",
    "value": ","
  },
  {
    "col": 14,
    "line": 1,
    "lineBreaks": 0,
    "offset": 13,
    "text": "fly",
    "type": "Word",
    "value": "fly"
  },
  {
    "col": 18,
    "line": 1,
    "lineBreaks": 0,
    "offset": 17,
    "text": "50 ft.",
    "type": "SizeValue",
    "value": "50 ft."
  },
  {
    "col": 25,
    "line": 1,
    "lineBreaks": 0,
    "offset": 24,
    "text": "(",
    "type": "LParen",
    "value": "("
  },
  {
    "col": 26,
    "line": 1,
    "lineBreaks": 0,
    "offset": 25,
    "text": "good",
    "type": "Word",
    "value": "good"
  },
  {
    "col": 30,
    "line": 1,
    "lineBreaks": 0,
    "offset": 29,
    "text": ")",
    "type": "RParen",
    "value": ")"
  }
]
