[
  {
    "col": 1,
    "line": 1,
    "lineBreaks": 0,
    "offset": 0,
    "text": "Aura",
    "type": "AuraKey",
    "value": "Aura"
  },
  {
    "col": 6,
    "line": 1,
    "lineBreaks": 0,
    "offset": 5,
    "text": "unnatural",
    "type": "Word",
    "value": "unnatural"
  },
  {
    "col": 16,
    "line": 1,
    "lineBreaks": 0,
    "offset": 15,
    "text": "aura",
    "type": "Word",
    "value": "aura"
  },
  {
    "col": 21,
    "line": 1,
    "lineBreaks": 0,
    "offset": 20,
    "text": "(",
    "type": "LParen",
    "value": "("
  },
  {
    "col": 22,
    "line": 1,
    "lineBreaks": 0,
    "offset": 21,
    "text": "30 ft.",
    "type": "SizeValue",
    "value": "30 ft."
  },
  {
    "col": 28,
    "line": 1,
    "lineBreaks": 0,
    "offset": 27,
    "text": ")",
    "type": "RParen",
    "value": ")"
  }
]
