[
  {
    "col": 1,
    "line": 1,
    "lineBreaks": 0,
    "offset": 0,
    "text": "The",
    "type": "Word",
    "value": "The"
  },
  {
    "col": 5,
    "line": 1,
    "lineBreaks": 0,
    "offset": 4,
    "text": "quick",
    "type": "Word",
    "value": "quick"
  },
  {
    "col": 11,
    "line": 1,
    "lineBreaks": 0,
    "offset": 10,
    "text": "brown",
    "type": "Word",
    "value": "brown"
  },
  {
    "col": 17,
    "line": 1,
    "lineBreaks": 0,
    "offset": 16,
    "text": "fox",
    "type": "Word",
    "value": "fox"
  },
  {
    "col": 1,
    "line": 2,
    "lineBreaks": 0,
    "offset": 21,
    "text": "jumped",
    "type": "Word",
    "value": "jumped"
  },
  {
    "col": 8,
    "line": 2,
    "lineBreaks": 0,
    "offset": 28,
    "text": "over",
    "type": "Word",
    "value": "over"
  },
  {
    "col": 13,
    "line": 2,
    "lineBreaks": 0,
    "offset": 33,
    "text": "the",
    "type": "Word",
    "value": "the"
  },
  {
    "col": 17,
    "line": 2,
    "lineBreaks": 0,
    "offset": 37,
    "text": "lazy",
    "type": "Word",
    "value": "lazy"
  },
  {
    "col": 22,
    "line": 2,
    "lineBreaks": 0,
    "offset": 42,
    "text": "dog",
    "type": "Word",
    "value": "dog"
  },
  {
    "col": 25,
    "line": 2,
    "lineBreaks": 0,
    "offset": 45,
    "text": ".",
    "type": "Period",
    "value": "."
  }
]
