[
  {
    "col": 1,
    "line": 1,
    "lineBreaks": 0,
    "offset": 0,
    "text": "Space",
    "type": "SpaceKey",
    "value": "Space"
  },
  {
    "col": 7,
    "line": 1,
    "lineBreaks": 0,
    "offset": 6,
    "text": "5 ft.",
    "type": "SizeValue",
    "value": "5 ft."
  },
  {
    "col": 12,
    "line": 1,
    "lineBreaks": 0,
    "offset": 11,
    "text": ";",
    "type": "SemiColon",
    "value": ";"
  },
  {
    "col": 14,
    "line": 1,
    "lineBreaks": 0,
    "offset": 13,
    "text": "Reach",
    "type": "ReachKey",
    "value": "Reach"
  },
  {
    "col": 20,
    "line": 1,
    "lineBreaks": 0,
    "offset": 19,
    "text": "5 ft.",
    "type": "SizeValue",
    "value": "5 ft."
  },
  {
    "col": 26,
    "line": 1,
    "lineBreaks": 0,
    "offset": 25,
    "text": "(",
    "type": "LParen",
    "value": "("
  },
  {
    "col": 27,
    "line": 1,
    "lineBreaks": 0,
    "offset": 26,
    "text": "15 ft.",
    "type": "SizeValue",
    "value": "15 ft."
  },
  {
    "col": 34,
    "line": 1,
    "lineBreaks": 0,
    "offset": 33,
    "text": "with",
    "type": "Word",
    "value": "with"
  },
  {
    "col": 39,
    "line": 1,
    "lineBreaks": 0,
    "offset": 38,
    "text": "tentacles",
    "type": "Word",
    "value": "tentacles"
  },
  {
    "col": 48,
    "line": 1,
    "lineBreaks": 0,
    "offset": 47,
    "text": ")",
    "type": "RParen",
    "value": ")"
  }
]
