[
  {
    "col": 1,
    "line": 1,
    "lineBreaks": 0,
    "offset": 0,
    "text": "ZAZU",
    "type": "Word",
    "value": "ZAZU"
  },
  {
    "col": 6,
    "line": 1,
    "lineBreaks": 0,
    "offset": 5,
    "text": "CR",
    "type": "CrKey",
    "value": "CR"
  },
  {
    "col": 9,
    "line": 1,
    "lineBreaks": 0,
    "offset": 8,
    "text": "—",
    "type": "MDash",
    "value": "—"
  }
]
