[
  {
    "col": 1,
    "line": 1,
    "lineBreaks": 0,
    "offset": 0,
    "text": "Init",
    "type": "InitKey",
    "value": "Init"
  },
  {
    "col": 6,
    "line": 1,
    "lineBreaks": 0,
    "offset": 5,
    "text": "+9",
    "type": "NumberSigned",
    "value": "+9"
  },
  {
    "col": 8,
    "line": 1,
    "lineBreaks": 0,
    "offset": 7,
    "text": ";",
    "type": "SemiColon",
    "value": ";"
  },
  {
    "col": 10,
    "line": 1,
    "lineBreaks": 0,
    "offset": 9,
    "text": "Senses",
    "type": "SensesKey",
    "value": "Senses"
  },
  {
    "col": 17,
    "line": 1,
    "lineBreaks": 0,
    "offset": 16,
    "text": "all",
    "type": "Word",
    "value": "all"
  },
  {
    "col": 20,
    "line": 1,
    "lineBreaks": 0,
    "offset": 19,
    "text": "-",
    "type": "Dash",
    "value": "-"
  },
  {
    "col": 21,
    "line": 1,
    "lineBreaks": 0,
    "offset": 20,
    "text": "around",
    "type": "Word",
    "value": "around"
  },
  {
    "col": 28,
    "line": 1,
    "lineBreaks": 0,
    "offset": 27,
    "text": "vision",
    "type": "Word",
    "value": "vision"
  },
  {
    "col": 34,
    "line": 1,
    "lineBreaks": 0,
    "offset": 33,
    "text": ",",
    "type": "Comma",
    "value": ","
  },
  {
    "col": 36,
    "line": 1,
    "lineBreaks": 0,
    "offset": 35,
    "text": "darkvision",
    "type": "Word",
    "value": "darkvision"
  },
  {
    "col": 47,
    "line": 1,
    "lineBreaks": 0,
    "offset": 46,
    "text": "120 ft.",
    "type": "SizeValue",
    "value": "120 ft."
  },
  {
    "col": 54,
    "line": 1,
    "lineBreaks": 0,
    "offset": 53,
    "text": ",",
    "type": "Comma",
    "value": ","
  },
  {
    "col": 56,
    "line": 1,
    "lineBreaks": 0,
    "offset": 55,
    "text": "low",
    "type": "Word",
    "value": "low"
  },
  {
    "col": 59,
    "line": 1,
    "lineBreaks": 0,
    "offset": 58,
    "text": "-",
    "type": "Dash",
    "value": "-"
  },
  {
    "col": 60,
    "line": 1,
    "lineBreaks": 0,
    "offset": 59,
    "text": "light",
    "type": "Word",
    "value": "light"
  },
  {
    "col": 1,
    "line": 2,
    "lineBreaks": 0,
    "offset": 66,
    "text": "vision",
    "type": "Word",
    "value": "vision"
  },
  {
    "col": 7,
    "line": 2,
    "lineBreaks": 0,
    "offset": 72,
    "text": ",",
    "type": "Comma",
    "value": ","
  },
  {
    "col": 9,
    "line": 2,
    "lineBreaks": 0,
    "offset": 74,
    "text": "see",
    "type": "Word",
    "value": "see"
  },
  {
    "col": 13,
    "line": 2,
    "lineBreaks": 0,
    "offset": 78,
    "text": "invisibility",
    "type": "Word",
    "value": "invisibility"
  },
  {
    "col": 25,
    "line": 2,
    "lineBreaks": 0,
    "offset": 90,
    "text": ";",
    "type": "SemiColon",
    "value": ";"
  },
  {
    "col": 27,
    "line": 2,
    "lineBreaks": 0,
    "offset": 92,
    "text": "Perception",
    "type": "PerceptionKey",
    "value": "Perception"
  },
  {
    "col": 38,
    "line": 2,
    "lineBreaks": 0,
    "offset": 103,
    "text": "+28",
    "type": "NumberSigned",
    "value": "+28"
  }
]
