[
  {
    "col": 1,
    "line": 1,
    "lineBreaks": 0,
    "offset": 0,
    "text": "Languages",
    "type": "LanguagesKey",
    "value": "Languages"
  },
  {
    "col": 11,
    "line": 1,
    "lineBreaks": 0,
    "offset": 10,
    "text": "Aklo",
    "type": "Word",
    "value": "Aklo"
  },
  {
    "col": 15,
    "line": 1,
    "lineBreaks": 0,
    "offset": 14,
    "text": ",",
    "type": "Comma",
    "value": ","
  },
  {
    "col": 17,
    "line": 1,
    "lineBreaks": 0,
    "offset": 16,
    "text": "Common",
    "type": "Word",
    "value": "Common"
  },
  {
    "col": 23,
    "line": 1,
    "lineBreaks": 0,
    "offset": 22,
    "text": ",",
    "type": "Comma",
    "value": ","
  },
  {
    "col": 25,
    "line": 1,
    "lineBreaks": 0,
    "offset": 24,
    "text": "Draconic",
    "type": "Word",
    "value": "Draconic"
  },
  {
    "col": 33,
    "line": 1,
    "lineBreaks": 0,
    "offset": 32,
    "text": ",",
    "type": "Comma",
    "value": ","
  },
  {
    "col": 35,
    "line": 1,
    "lineBreaks": 0,
    "offset": 34,
    "text": "Undercommon",
    "type": "Word",
    "value": "Undercommon"
  },
  {
    "col": 46,
    "line": 1,
    "lineBreaks": 0,
    "offset": 45,
    "text": ";",
    "type": "SemiColon",
    "value": ";"
  },
  {
    "col": 5,
    "line": 2,
    "lineBreaks": 0,
    "offset": 51,
    "text": "telepathy",
    "type": "Word",
    "value": "telepathy"
  },
  {
    "col": 15,
    "line": 2,
    "lineBreaks": 0,
    "offset": 61,
    "text": "100 ft.",
    "type": "SizeValue",
    "value": "100 ft."
  }
]
