[
  {
    "col": 1,
    "line": 1,
    "lineBreaks": 0,
    "offset": 0,
    "text": "Base Atk",
    "type": "BaseAtkKey",
    "value": "Base Atk"
  },
  {
    "col": 10,
    "line": 1,
    "lineBreaks": 0,
    "offset": 9,
    "text": "+14",
    "type": "NumberSigned",
    "value": "+14"
  },
  {
    "col": 13,
    "line": 1,
    "lineBreaks": 0,
    "offset": 12,
    "text": ";",
    "type": "SemiColon",
    "value": ";"
  },
  {
    "col": 15,
    "line": 1,
    "lineBreaks": 0,
    "offset": 14,
    "text": "CMB",
    "type": "CmbKey",
    "value": "CMB"
  },
  {
    "col": 19,
    "line": 1,
    "lineBreaks": 0,
    "offset": 18,
    "text": "+24",
    "type": "NumberSigned",
    "value": "+24"
  },
  {
    "col": 22,
    "line": 1,
    "lineBreaks": 0,
    "offset": 21,
    "text": ";",
    "type": "SemiColon",
    "value": ";"
  },
  {
    "col": 24,
    "line": 1,
    "lineBreaks": 0,
    "offset": 23,
    "text": "CMD",
    "type": "CmdKey",
    "value": "CMD"
  },
  {
    "col": 28,
    "line": 1,
    "lineBreaks": 0,
    "offset": 27,
    "text": "35",
    "type": "NumberWhole",
    "value": "35"
  },
  {
    "col": 31,
    "line": 1,
    "lineBreaks": 0,
    "offset": 30,
    "text": "(",
    "type": "LParen",
    "value": "("
  },
  {
    "col": 32,
    "line": 1,
    "lineBreaks": 0,
    "offset": 31,
    "text": "39",
    "type": "NumberWhole",
    "value": "39"
  },
  {
    "col": 35,
    "line": 1,
    "lineBreaks": 0,
    "offset": 34,
    "text": "vs.",
    "type": "Versus",
    "value": "vs."
  },
  {
    "col": 39,
    "line": 1,
    "lineBreaks": 0,
    "offset": 38,
    "text": "trip",
    "type": "Word",
    "value": "trip"
  },
  {
    "col": 43,
    "line": 1,
    "lineBreaks": 0,
    "offset": 42,
    "text": ")",
    "type": "RParen",
    "value": ")"
  }
]
