[
  {
    "col": 1,
    "line": 1,
    "lineBreaks": 0,
    "offset": 0,
    "text": "AC",
    "type": "AcKey",
    "value": "AC"
  },
  {
    "col": 4,
    "line": 1,
    "lineBreaks": 0,
    "offset": 3,
    "text": "21",
    "type": "NumberWhole",
    "value": "21"
  },
  {
    "col": 6,
    "line": 1,
    "lineBreaks": 0,
    "offset": 5,
    "text": ",",
    "type": "Comma",
    "value": ","
  },
  {
    "col": 8,
    "line": 1,
    "lineBreaks": 0,
    "offset": 7,
    "text": "touch",
    "type": "AcTouchKey",
    "value": "touch"
  },
  {
    "col": 14,
    "line": 1,
    "lineBreaks": 0,
    "offset": 13,
    "text": "15",
    "type": "NumberWhole",
    "value": "15"
  },
  {
    "col": 16,
    "line": 1,
    "lineBreaks": 0,
    "offset": 15,
    "text": ",",
    "type": "Comma",
    "value": ","
  },
  {
    "col": 18,
    "line": 1,
    "lineBreaks": 0,
    "offset": 17,
    "text": "flat-footed",
    "type": "AcFlatFootedKey",
    "value": "flat-footed"
  },
  {
    "col": 30,
    "line": 1,
    "lineBreaks": 0,
    "offset": 29,
    "text": "16",
    "type": "NumberWhole",
    "value": "16"
  },
  {
    "col": 33,
    "line": 1,
    "lineBreaks": 0,
    "offset": 32,
    "text": "(",
    "type": "LParen",
    "value": "("
  },
  {
    "col": 34,
    "line": 1,
    "lineBreaks": 0,
    "offset": 33,
    "text": "+5",
    "type": "NumberSigned",
    "value": "+5"
  },
  {
    "col": 37,
    "line": 1,
    "lineBreaks": 0,
    "offset": 36,
    "text": "Dex",
    "type": "Ability",
    "value": "Dex"
  },
  {
    "col": 40,
    "line": 1,
    "lineBreaks": 0,
    "offset": 39,
    "text": ",",
    "type": "Comma",
    "value": ","
  },
  {
    "col": 42,
    "line": 1,
    "lineBreaks": 0,
    "offset": 41,
    "text": "+6",
    "type": "NumberSigned",
    "value": "+6"
  },
  {
    "col": 45,
    "line": 1,
    "lineBreaks": 0,
    "offset": 44,
    "text": "natural",
    "type": "Word",
    "value": "natural"
  },
  {
    "col": 52,
    "line": 1,
    "lineBreaks": 0,
    "offset": 51,
    "text": ")",
    "type": "RParen",
    "value": ")"
  }
]
