[
  {
    "col": 1,
    "line": 1,
    "lineBreaks": 0,
    "offset": 0,
    "text": "Weaknesses",
    "type": "WeaknessesKey",
    "value": "Weaknesses"
  },
  {
    "col": 12,
    "line": 1,
    "lineBreaks": 0,
    "offset": 11,
    "text": "vulnerable",
    "type": "Word",
    "value": "vulnerable"
  },
  {
    "col": 23,
    "line": 1,
    "lineBreaks": 0,
    "offset": 22,
    "text": "to",
    "type": "Word",
    "value": "to"
  },
  {
    "col": 26,
    "line": 1,
    "lineBreaks": 0,
    "offset": 25,
    "text": "electricity",
    "type": "Word",
    "value": "electricity"
  }
]
