[
  {
    "col": 1,
    "line": 1,
    "lineBreaks": 0,
    "offset": 0,
    "text": "hp",
    "type": "HpKey",
    "value": "hp"
  },
  {
    "col": 4,
    "line": 1,
    "lineBreaks": 0,
    "offset": 3,
    "text": "84",
    "type": "NumberWhole",
    "value": "84"
  },
  {
    "col": 7,
    "line": 1,
    "lineBreaks": 0,
    "offset": 6,
    "text": "(",
    "type": "LParen",
    "value": "("
  },
  {
    "col": 8,
    "line": 1,
    "lineBreaks": 0,
    "offset": 7,
    "text": "13d8",
    "type": "DiceRoll",
    "value": "13d8"
  },
  {
    "col": 12,
    "line": 1,
    "lineBreaks": 0,
    "offset": 11,
    "text": "+26",
    "type": "NumberSigned",
    "value": "+26"
  },
  {
    "col": 15,
    "line": 1,
    "lineBreaks": 0,
    "offset": 14,
    "text": ")",
    "type": "RParen",
    "value": ")"
  }
]
