[
  {
    "col": 1,
    "line": 1,
    "lineBreaks": 0,
    "offset": 0,
    "text": "DR",
    "type": "DrKey",
    "value": "DR"
  },
  {
    "col": 4,
    "line": 1,
    "lineBreaks": 0,
    "offset": 3,
    "text": "5",
    "type": "NumberWhole",
    "value": "5"
  },
  {
    "col": 5,
    "line": 1,
    "lineBreaks": 0,
    "offset": 4,
    "text": "/",
    "type": "ForwardSlash",
    "value": "/"
  },
  {
    "col": 6,
    "line": 1,
    "lineBreaks": 0,
    "offset": 5,
    "text": "cold",
    "type": "Word",
    "value": "cold"
  },
  {
    "col": 11,
    "line": 1,
    "lineBreaks": 0,
    "offset": 10,
    "text": "iron",
    "type": "Word",
    "value": "iron"
  },
  {
    "col": 15,
    "line": 1,
    "lineBreaks": 0,
    "offset": 14,
    "text": ";",
    "type": "SemiColon",
    "value": ";"
  },
  {
    "col": 17,
    "line": 1,
    "lineBreaks": 0,
    "offset": 16,
    "text": "Resist",
    "type": "ResistKey",
    "value": "Resist"
  },
  {
    "col": 24,
    "line": 1,
    "lineBreaks": 0,
    "offset": 23,
    "text": "acid",
    "type": "Word",
    "value": "acid"
  },
  {
    "col": 29,
    "line": 1,
    "lineBreaks": 0,
    "offset": 28,
    "text": "5",
    "type": "NumberWhole",
    "value": "5"
  },
  {
    "col": 30,
    "line": 1,
    "lineBreaks": 0,
    "offset": 29,
    "text": ",",
    "type": "Comma",
    "value": ","
  },
  {
    "col": 32,
    "line": 1,
    "lineBreaks": 0,
    "offset": 31,
    "text": "fire",
    "type": "Word",
    "value": "fire"
  },
  {
    "col": 37,
    "line": 1,
    "lineBreaks": 0,
    "offset": 36,
    "text": "5",
    "type": "NumberWhole",
    "value": "5"
  }
]
