[
  {
    "col": 1,
    "line": 1,
    "lineBreaks": 0,
    "offset": 0,
    "text": "SQ",
    "type": "SqKey",
    "value": "SQ"
  },
  {
    "col": 4,
    "line": 1,
    "lineBreaks": 0,
    "offset": 3,
    "text": "nature",
    "type": "Word",
    "value": "nature"
  },
  {
    "col": 11,
    "line": 1,
    "lineBreaks": 0,
    "offset": 10,
    "text": "bond",
    "type": "Word",
    "value": "bond"
  },
  {
    "col": 16,
    "line": 1,
    "lineBreaks": 0,
    "offset": 15,
    "text": "(",
    "type": "LParen",
    "value": "("
  },
  {
    "col": 17,
    "line": 1,
    "lineBreaks": 0,
    "offset": 16,
    "text": "animal",
    "type": "CreatureType",
    "value": "animal"
  },
  {
    "col": 24,
    "line": 1,
    "lineBreaks": 0,
    "offset": 23,
    "text": "companion",
    "type": "Word",
    "value": "companion"
  },
  {
    "col": 33,
    "line": 1,
    "lineBreaks": 0,
    "offset": 32,
    "text": ",",
    "type": "Comma",
    "value": ","
  },
  {
    "col": 35,
    "line": 1,
    "lineBreaks": 0,
    "offset": 34,
    "text": "snow",
    "type": "Word",
    "value": "snow"
  },
  {
    "col": 40,
    "line": 1,
    "lineBreaks": 0,
    "offset": 39,
    "text": "leopard",
    "type": "Word",
    "value": "leopard"
  },
  {
    "col": 48,
    "line": 1,
    "lineBreaks": 0,
    "offset": 47,
    "text": "named",
    "type": "Word",
    "value": "named"
  },
  {
    "col": 54,
    "line": 1,
    "lineBreaks": 0,
    "offset": 53,
    "text": "Droogami",
    "type": "Word",
    "value": "Droogami"
  },
  {
    "col": 62,
    "line": 1,
    "lineBreaks": 0,
    "offset": 61,
    "text": "*",
    "type": "Asterisk",
    "value": "*"
  },
  {
    "col": 63,
    "line": 1,
    "lineBreaks": 0,
    "offset": 62,
    "text": ")",
    "type": "RParen",
    "value": ")"
  },
  {
    "col": 64,
    "line": 1,
    "lineBreaks": 0,
    "offset": 63,
    "text": ",",
    "type": "Comma",
    "value": ","
  },
  {
    "col": 5,
    "line": 2,
    "lineBreaks": 0,
    "offset": 69,
    "text": "nature",
    "type": "Word",
    "value": "nature"
  },
  {
    "col": 12,
    "line": 2,
    "lineBreaks": 0,
    "offset": 76,
    "text": "sense",
    "type": "Word",
    "value": "sense"
  },
  {
    "col": 17,
    "line": 2,
    "lineBreaks": 0,
    "offset": 81,
    "text": ",",
    "type": "Comma",
    "value": ","
  },
  {
    "col": 19,
    "line": 2,
    "lineBreaks": 0,
    "offset": 83,
    "text": "wild",
    "type": "Word",
    "value": "wild"
  },
  {
    "col": 24,
    "line": 2,
    "lineBreaks": 0,
    "offset": 88,
    "text": "empathy",
    "type": "Word",
    "value": "empathy"
  },
  {
    "col": 32,
    "line": 2,
    "lineBreaks": 0,
    "offset": 96,
    "text": "+3",
    "type": "NumberSigned",
    "value": "+3"
  }
]
