[
  {
    "col": 1,
    "line": 1,
    "lineBreaks": 0,
    "offset": 0,
    "text": "Feats",
    "type": "FeatsKey",
    "value": "Feats"
  },
  {
    "col": 7,
    "line": 1,
    "lineBreaks": 0,
    "offset": 6,
    "text": "Combat",
    "type": "Word",
    "value": "Combat"
  },
  {
    "col": 14,
    "line": 1,
    "lineBreaks": 0,
    "offset": 13,
    "text": "Reflexes",
    "type": "Word",
    "value": "Reflexes"
  },
  {
    "col": 22,
    "line": 1,
    "lineBreaks": 0,
    "offset": 21,
    "text": ",",
    "type": "Comma",
    "value": ","
  },
  {
    "col": 24,
    "line": 1,
    "lineBreaks": 0,
    "offset": 23,
    "text": "Critical",
    "type": "Word",
    "value": "Critical"
  },
  {
    "col": 33,
    "line": 1,
    "lineBreaks": 0,
    "offset": 32,
    "text": "Focus",
    "type": "Word",
    "value": "Focus"
  },
  {
    "col": 38,
    "line": 1,
    "lineBreaks": 0,
    "offset": 37,
    "text": ",",
    "type": "Comma",
    "value": ","
  },
  {
    "col": 40,
    "line": 1,
    "lineBreaks": 0,
    "offset": 39,
    "text": "Flyby",
    "type": "Word",
    "value": "Flyby"
  },
  {
    "col": 46,
    "line": 1,
    "lineBreaks": 0,
    "offset": 45,
    "text": "Attack",
    "type": "Word",
    "value": "Attack"
  },
  {
    "col": 52,
    "line": 1,
    "lineBreaks": 0,
    "offset": 51,
    "text": ",",
    "type": "Comma",
    "value": ","
  },
  {
    "col": 5,
    "line": 2,
    "lineBreaks": 0,
    "offset": 57,
    "text": "HoverB",
    "type": "Word",
    "value": "HoverB"
  },
  {
    "col": 11,
    "line": 2,
    "lineBreaks": 0,
    "offset": 63,
    "text": ",",
    "type": "Comma",
    "value": ","
  },
  {
    "col": 13,
    "line": 2,
    "lineBreaks": 0,
    "offset": 65,
    "text": "Improved",
    "type": "Word",
    "value": "Improved"
  },
  {
    "col": 22,
    "line": 2,
    "lineBreaks": 0,
    "offset": 74,
    "text": "Initiative",
    "type": "Word",
    "value": "Initiative"
  },
  {
    "col": 32,
    "line": 2,
    "lineBreaks": 0,
    "offset": 84,
    "text": ",",
    "type": "Comma",
    "value": ","
  },
  {
    "col": 34,
    "line": 2,
    "lineBreaks": 0,
    "offset": 86,
    "text": "Skill",
    "type": "Word",
    "value": "Skill"
  },
  {
    "col": 40,
    "line": 2,
    "lineBreaks": 0,
    "offset": 92,
    "text": "Focus",
    "type": "Word",
    "value": "Focus"
  },
  {
    "col": 46,
    "line": 2,
    "lineBreaks": 0,
    "offset": 98,
    "text": "(",
    "type": "LParen",
    "value": "("
  },
  {
    "col": 47,
    "line": 2,
    "lineBreaks": 0,
    "offset": 99,
    "text": "Perception",
    "type": "PerceptionKey",
    "value": "Perception"
  },
  {
    "col": 57,
    "line": 2,
    "lineBreaks": 0,
    "offset": 109,
    "text": ")",
    "type": "RParen",
    "value": ")"
  },
  {
    "col": 58,
    "line": 2,
    "lineBreaks": 0,
    "offset": 110,
    "text": ",",
    "type": "Comma",
    "value": ","
  },
  {
    "col": 5,
    "line": 3,
    "lineBreaks": 0,
    "offset": 116,
    "text": "Weapon",
    "type": "Word",
    "value": "Weapon"
  },
  {
    "col": 12,
    "line": 3,
    "lineBreaks": 0,
    "offset": 123,
    "text": "Finesse",
    "type": "Word",
    "value": "Finesse"
  },
  {
    "col": 19,
    "line": 3,
    "lineBreaks": 0,
    "offset": 130,
    "text": ",",
    "type": "Comma",
    "value": ","
  },
  {
    "col": 21,
    "line": 3,
    "lineBreaks": 0,
    "offset": 132,
    "text": "Weapon",
    "type": "Word",
    "value": "Weapon"
  },
  {
    "col": 28,
    "line": 3,
    "lineBreaks": 0,
    "offset": 139,
    "text": "Focus",
    "type": "Word",
    "value": "Focus"
  },
  {
    "col": 34,
    "line": 3,
    "lineBreaks": 0,
    "offset": 145,
    "text": "(",
    "type": "LParen",
    "value": "("
  },
  {
    "col": 35,
    "line": 3,
    "lineBreaks": 0,
    "offset": 146,
    "text": "tentacle",
    "type": "Word",
    "value": "tentacle"
  },
  {
    "col": 43,
    "line": 3,
    "lineBreaks": 0,
    "offset": 154,
    "text": ")",
    "type": "RParen",
    "value": ")"
  },
  {
    "col": 44,
    "line": 3,
    "lineBreaks": 0,
    "offset": 155,
    "text": ",",
    "type": "Comma",
    "value": ","
  },
  {
    "col": 46,
    "line": 3,
    "lineBreaks": 0,
    "offset": 157,
    "text": "WingoverB",
    "type": "Word",
    "value": "WingoverB"
  }
]
