[
  {
    "col": 1,
    "line": 1,
    "lineBreaks": 0,
    "offset": 0,
    "text": "Space",
    "type": "SpaceKey",
    "value": "Space"
  },
  {
    "col": 7,
    "line": 1,
    "lineBreaks": 0,
    "offset": 6,
    "text": "15 ft.",
    "type": "SizeValue",
    "value": "15 ft."
  },
  {
    "col": 13,
    "line": 1,
    "lineBreaks": 0,
    "offset": 12,
    "text": ";",
    "type": "SemiColon",
    "value": ";"
  },
  {
    "col": 15,
    "line": 1,
    "lineBreaks": 0,
    "offset": 14,
    "text": "Reach",
    "type": "ReachKey",
    "value": "Reach"
  },
  {
    "col": 21,
    "line": 1,
    "lineBreaks": 0,
    "offset": 20,
    "text": "15 ft.",
    "type": "SizeValue",
    "value": "15 ft."
  }
]
