[
  {
    "col": 1,
    "line": 1,
    "lineBreaks": 0,
    "offset": 0,
    "text": "WRATH",
    "type": "Word",
    "value": "WRATH"
  },
  {
    "col": 7,
    "line": 1,
    "lineBreaks": 0,
    "offset": 6,
    "text": "DRAGON",
    "type": "Word",
    "value": "DRAGON"
  },
  {
    "col": 14,
    "line": 1,
    "lineBreaks": 0,
    "offset": 13,
    "text": "CR",
    "type": "CrKey",
    "value": "CR"
  },
  {
    "col": 17,
    "line": 1,
    "lineBreaks": 0,
    "offset": 16,
    "text": "20",
    "type": "NumberWhole",
    "value": "20"
  }
]
