[
  {
    "col": 1,
    "line": 1,
    "lineBreaks": 0,
    "offset": 0,
    "text": "Speed",
    "type": "SpeedKey",
    "value": "Speed"
  },
  {
    "col": 7,
    "line": 1,
    "lineBreaks": 0,
    "offset": 6,
    "text": "40 ft.",
    "type": "SizeValue",
    "value": "40 ft."
  }
]
