[
  {
    "col": 1,
    "line": 1,
    "lineBreaks": 0,
    "offset": 0,
    "text": "Str",
    "type": "Ability",
    "value": "Str"
  },
  {
    "col": 5,
    "line": 1,
    "lineBreaks": 0,
    "offset": 4,
    "text": "14",
    "type": "NumberWhole",
    "value": "14"
  },
  {
    "col": 7,
    "line": 1,
    "lineBreaks": 0,
    "offset": 6,
    "text": ",",
    "type": "Comma",
    "value": ","
  },
  {
    "col": 9,
    "line": 1,
    "lineBreaks": 0,
    "offset": 8,
    "text": "Dex",
    "type": "Ability",
    "value": "Dex"
  },
  {
    "col": 13,
    "line": 1,
    "lineBreaks": 0,
    "offset": 12,
    "text": "10",
    "type": "NumberWhole",
    "value": "10"
  },
  {
    "col": 15,
    "line": 1,
    "lineBreaks": 0,
    "offset": 14,
    "text": ",",
    "type": "Comma",
    "value": ","
  },
  {
    "col": 17,
    "line": 1,
    "lineBreaks": 0,
    "offset": 16,
    "text": "Con",
    "type": "Ability",
    "value": "Con"
  },
  {
    "col": 21,
    "line": 1,
    "lineBreaks": 0,
    "offset": 20,
    "text": "—",
    "type": "MDash",
    "value": "—"
  },
  {
    "col": 22,
    "line": 1,
    "lineBreaks": 0,
    "offset": 21,
    "text": ",",
    "type": "Comma",
    "value": ","
  },
  {
    "col": 24,
    "line": 1,
    "lineBreaks": 0,
    "offset": 23,
    "text": "Int",
    "type": "Ability",
    "value": "Int"
  },
  {
    "col": 28,
    "line": 1,
    "lineBreaks": 0,
    "offset": 27,
    "text": "—",
    "type": "MDash",
    "value": "—"
  },
  {
    "col": 29,
    "line": 1,
    "lineBreaks": 0,
    "offset": 28,
    "text": ",",
    "type": "Comma",
    "value": ","
  },
  {
    "col": 31,
    "line": 1,
    "lineBreaks": 0,
    "offset": 30,
    "text": "Wis",
    "type": "Ability",
    "value": "Wis"
  },
  {
    "col": 35,
    "line": 1,
    "lineBreaks": 0,
    "offset": 34,
    "text": "1",
    "type": "NumberWhole",
    "value": "1"
  },
  {
    "col": 36,
    "line": 1,
    "lineBreaks": 0,
    "offset": 35,
    "text": ",",
    "type": "Comma",
    "value": ","
  },
  {
    "col": 38,
    "line": 1,
    "lineBreaks": 0,
    "offset": 37,
    "text": "Cha",
    "type": "Ability",
    "value": "Cha"
  },
  {
    "col": 42,
    "line": 1,
    "lineBreaks": 0,
    "offset": 41,
    "text": "1",
    "type": "NumberWhole",
    "value": "1"
  }
]
